#
# Topology file: generated on Fri Aug  8 06:33:24 2025
#
# Initiated from node b8e92403009ca838 port b8e92403009ca838

vendid=0x2c9
devid=0x1021
sysimgguid=0xb8e92403009ca838
caguid=0xb8e92403009ca838
Ca	1 "H-b8e92403009ca838"		# "dgx-gb200-n01-c1 HCA-1"
